// Vitest Snapshot v1, https://vitest.dev/guide/snapshot.html

exports[`world generation determinism > seed 1: layout matches golden 1`] = `
{
  "features": [
    "(1,0) henge:1:Old Insistence:ready=0",
    "(4,0) town:4:Stonebridge:offers=[hireScout,buyFood,buyTroops]:prices=6/8/13/4",
    "(9,0) camp:9:Ember Watch:ready=0",
    "(5,1) locksmith",
    "(3,2) farm:23:Fallow End:beast=11",
    "(5,2) farm:25:Greyfield:beast=15",
    "(1,3) signpost",
    "(2,3) fishingLake:32:ready=0",
    "(4,3) henge:34:The Recurring:ready=0",
    "(6,3) signpost",
    "(7,3) lair:37:bled=false",
    "(8,3) signpost",
    "(0,4) gate",
    "(1,4) signpost",
    "(3,4) camp:43:The Wayrest:ready=0",
    "(6,4) rainbowEnd:46:paid=false",
    "(5,5) town:55:Cinder Row:offers=[buyRumors,buyFood,hireScout]:prices=8/10/15/4",
    "(6,5) henge:56:The Mending:ready=0",
    "(1,6) fishingLake:61:ready=0",
    "(4,6) camp:64:Dusk Halt:ready=0",
    "(9,6) signpost",
    "(0,8) signpost",
    "(3,8) fishingLake:83:ready=0",
    "(0,9) fishingLake:90:ready=0",
    "(1,9) fishingLake:91:ready=0",
    "(3,9) fishingLake:93:ready=0",
    "(4,9) farm:94:Cotter's Rise:beast=13",
    "(8,9) rainbowEnd:98:paid=false",
  ],
  "finalRngState": 377032622,
  "height": 10,
  "mapGenAlgorithm": "NOISE",
  "seed": 1,
  "startPosition": {
    "x": 2,
    "y": 2,
  },
  "terrainHistogram": {
    "grass": 15,
    "mountain": 11,
    "road": 18,
    "swamp": 14,
    "woods": 14,
  },
  "width": 10,
}
`;

exports[`world generation determinism > seed 999: layout matches golden 1`] = `
{
  "features": [
    "(6,0) rainbowEnd:6:paid=false",
    "(8,0) fishingLake:8:ready=0",
    "(1,1) locksmith",
    "(2,1) fishingLake:12:ready=0",
    "(3,1) fishingLake:13:ready=0",
    "(4,1) signpost",
    "(5,1) camp:15:The Muster:ready=0",
    "(8,1) town:18:Stonebridge:offers=[hireScout,buyFood,buyTroops]:prices=7/8/12/2",
    "(0,2) signpost",
    "(2,2) signpost",
    "(1,4) rainbowEnd:41:paid=false",
    "(4,4) farm:44:Greyfield:beast=10",
    "(8,4) signpost",
    "(3,5) henge:53:Weather Stones:ready=0",
    "(5,5) gate",
    "(7,5) signpost",
    "(8,5) henge:58:Old Insistence:ready=0",
    "(1,6) fishingLake:61:ready=0",
    "(4,6) farm:64:Cotter's Rise:beast=14",
    "(6,6) farm:66:Fallow End:beast=10",
    "(0,7) signpost",
    "(2,7) fishingLake:72:ready=0",
    "(4,7) camp:74:Ember Watch:ready=0",
    "(1,8) camp:81:Cold Haven:ready=0",
    "(2,8) town:82:The Long Return:offers=[buyRumors,hireScout,buyFood]:prices=5/9/13/2",
    "(7,8) fishingLake:87:ready=0",
    "(5,9) henge:95:Patient Circle:ready=0",
    "(9,9) lair:99:bled=false",
  ],
  "finalRngState": 4051881682,
  "height": 10,
  "mapGenAlgorithm": "NOISE",
  "seed": 999,
  "startPosition": {
    "x": 2,
    "y": 8,
  },
  "terrainHistogram": {
    "grass": 27,
    "mountain": 18,
    "road": 11,
    "swamp": 14,
    "woods": 2,
  },
  "width": 10,
}
`;

exports[`world generation determinism > seed 12345: layout matches golden 1`] = `
{
  "features": [
    "(0,0) camp:0:Ashford:ready=0",
    "(1,0) locksmith",
    "(7,0) town:7:Cinder Row:offers=[buyRumors,hireScout,buyTroops]:prices=7/9/11/3",
    "(9,0) camp:9:The Muster:ready=0",
    "(4,1) lair:14:bled=false",
    "(7,1) rainbowEnd:17:paid=false",
    "(1,2) signpost",
    "(2,2) fishingLake:22:ready=0",
    "(9,2) camp:29:The Holdfast:ready=0",
    "(1,3) fishingLake:31:ready=0",
    "(8,3) fishingLake:38:ready=0",
    "(9,3) henge:39:Weather Stones:ready=0",
    "(0,4) signpost",
    "(3,4) farm:43:Fallow End:beast=11",
    "(3,5) gate",
    "(7,5) henge:57:The Mending:ready=0",
    "(1,6) fishingLake:61:ready=0",
    "(4,6) rainbowEnd:64:paid=false",
    "(7,6) farm:67:The Stemming:beast=11",
    "(5,7) farm:75:The Oast:beast=15",
    "(0,8) town:80:Stonebridge:offers=[hireScout,buyFood,buyTroops]:prices=6/5/12/2",
    "(1,8) fishingLake:81:ready=0",
    "(4,8) signpost",
    "(6,8) henge:86:Old Insistence:ready=0",
    "(0,9) signpost",
    "(2,9) signpost",
    "(4,9) fishingLake:94:ready=0",
    "(5,9) signpost",
  ],
  "finalRngState": 1757095396,
  "height": 10,
  "mapGenAlgorithm": "NOISE",
  "seed": 12345,
  "startPosition": {
    "x": 6,
    "y": 9,
  },
  "terrainHistogram": {
    "grass": 20,
    "mountain": 13,
    "road": 11,
    "swamp": 21,
    "woods": 7,
  },
  "width": 10,
}
`;
