// Vitest Snapshot v1, https://vitest.dev/guide/snapshot.html

exports[`world generation determinism > seed 1: layout matches golden 1`] = `
{
  "features": [
    "(1,0) henge:1:Patient Circle:ready=0",
    "(9,0) camp:9:Ember Watch:ready=0",
    "(5,1) locksmith",
    "(2,2) rainbowEnd:22:paid=false",
    "(3,2) farm:23:Fallow End:beast=11",
    "(5,2) farm:25:Greyfield:beast=15",
    "(1,3) signpost",
    "(2,3) henge:32:The Mending:ready=0",
    "(5,3) henge:35:Old Insistence:ready=0",
    "(6,3) signpost",
    "(7,3) lair:37:bled=false",
    "(8,3) signpost",
    "(0,4) gate",
    "(1,4) signpost",
    "(3,4) camp:43:The Wayrest:ready=0",
    "(5,5) town:55:Stonebridge:offers=[buyFood,buyTroops,hireScout]:prices=6/10/12/4",
    "(6,5) signpost",
    "(1,6) fishingLake:61:ready=0",
    "(4,6) camp:64:Dusk Halt:ready=0",
    "(9,6) signpost",
    "(8,7) rainbowEnd:78:paid=false",
    "(3,8) fishingLake:83:ready=0",
    "(0,9) fishingLake:90:ready=0",
    "(1,9) fishingLake:91:ready=0",
    "(2,9) town:92:Ember Crossroads:offers=[buyFood,buyTroops,hireScout]:prices=6/8/13/2",
    "(3,9) fishingLake:93:ready=0",
    "(4,9) farm:94:Cotter's Rise:beast=13",
    "(8,9) fishingLake:98:ready=0",
  ],
  "finalRngState": 3323353448,
  "height": 10,
  "mapGenAlgorithm": "NOISE",
  "seed": 1,
  "startPosition": {
    "x": 8,
    "y": 4,
  },
  "terrainHistogram": {
    "grass": 16,
    "mountain": 13,
    "road": 17,
    "swamp": 13,
    "woods": 13,
  },
  "width": 10,
}
`;

exports[`world generation determinism > seed 999: layout matches golden 1`] = `
{
  "features": [
    "(2,0) town:2:Ember Crossroads:offers=[buyFood,hireScout,buyRumors]:prices=5/5/13/4",
    "(6,0) rainbowEnd:6:paid=false",
    "(8,0) fishingLake:8:ready=0",
    "(1,1) locksmith",
    "(2,1) fishingLake:12:ready=0",
    "(3,1) fishingLake:13:ready=0",
    "(4,1) signpost",
    "(5,1) camp:15:The Muster:ready=0",
    "(0,2) signpost",
    "(2,2) signpost",
    "(3,2) town:23:The Long Return:offers=[buyFood,buyTroops,buyRumors]:prices=5/9/13/2",
    "(1,4) rainbowEnd:41:paid=false",
    "(4,4) farm:44:Greyfield:beast=10",
    "(8,4) signpost",
    "(3,5) henge:53:Weather Stones:ready=0",
    "(5,5) gate",
    "(7,5) signpost",
    "(8,5) henge:58:Old Insistence:ready=0",
    "(1,6) fishingLake:61:ready=0",
    "(4,6) farm:64:Cotter's Rise:beast=14",
    "(6,6) farm:66:Fallow End:beast=10",
    "(0,7) signpost",
    "(2,7) fishingLake:72:ready=0",
    "(4,7) camp:74:Ember Watch:ready=0",
    "(1,8) camp:81:Cold Haven:ready=0",
    "(7,8) fishingLake:87:ready=0",
    "(5,9) henge:95:Patient Circle:ready=0",
    "(9,9) lair:99:bled=false",
  ],
  "finalRngState": 4051881682,
  "height": 10,
  "mapGenAlgorithm": "NOISE",
  "seed": 999,
  "startPosition": {
    "x": 2,
    "y": 8,
  },
  "terrainHistogram": {
    "grass": 27,
    "mountain": 17,
    "road": 13,
    "swamp": 13,
    "woods": 2,
  },
  "width": 10,
}
`;

exports[`world generation determinism > seed 12345: layout matches golden 1`] = `
{
  "features": [
    "(0,0) camp:0:Ashford:ready=0",
    "(1,0) locksmith",
    "(9,0) camp:9:The Muster:ready=0",
    "(4,1) lair:14:bled=false",
    "(1,2) signpost",
    "(2,2) fishingLake:22:ready=0",
    "(9,2) camp:29:The Holdfast:ready=0",
    "(1,3) signpost",
    "(8,3) fishingLake:38:ready=0",
    "(9,3) henge:39:Weather Stones:ready=0",
    "(0,4) signpost",
    "(3,4) farm:43:Fallow End:beast=11",
    "(4,4) rainbowEnd:44:paid=false",
    "(3,5) gate",
    "(7,5) henge:57:The Mending:ready=0",
    "(1,6) fishingLake:61:ready=0",
    "(4,6) fishingLake:64:ready=0",
    "(7,6) farm:67:The Stemming:beast=11",
    "(0,7) rainbowEnd:70:paid=false",
    "(5,7) farm:75:The Oast:beast=15",
    "(0,8) town:80:Market of Ash:offers=[buyTroops,hireScout,buyRumors]:prices=7/9/11/3",
    "(1,8) fishingLake:81:ready=0",
    "(4,8) signpost",
    "(6,8) henge:86:Old Insistence:ready=0",
    "(0,9) signpost",
    "(2,9) signpost",
    "(4,9) fishingLake:94:ready=0",
    "(5,9) town:95:Cinder Row:offers=[buyFood,buyTroops,hireScout]:prices=7/6/10/4",
  ],
  "finalRngState": 3148440217,
  "height": 10,
  "mapGenAlgorithm": "NOISE",
  "seed": 12345,
  "startPosition": {
    "x": 7,
    "y": 1,
  },
  "terrainHistogram": {
    "grass": 21,
    "mountain": 12,
    "road": 10,
    "swamp": 22,
    "woods": 7,
  },
  "width": 10,
}
`;
