// Vitest Snapshot v1, https://vitest.dev/guide/snapshot.html

exports[`world generation determinism > seed 1: layout matches golden 1`] = `
{
  "features": [
    "(0,0) henge:0:Old Insistence:ready=0",
    "(1,0) fishingLake:1:ready=0",
    "(4,0) farm:4:Greyfield:offers=[FARM_BUY_FOOD,FARM_BUY_BEAST]:hire=18",
    "(5,0) camp:5:The Wayrest:offers=[CAMP_SEARCH,hireScout]:ready=0:hire=16",
    "(4,1) fishingLake:14:ready=0",
    "(5,1) fishingLake:15:ready=0",
    "(0,2) town:20:The Long Return:offers=[hireHealer,buyRumors,buyTroops]:prices=7/9/15/3",
    "(2,2) fishingLake:22:ready=0",
    "(6,2) fishingLake:26:ready=0",
    "(8,2) signpost",
    "(1,4) farm:41:The Oast:offers=[FARM_BUY_FOOD,FARM_BUY_BEAST]:hire=20",
    "(3,4) signpost",
    "(6,4) henge:46:Crows' Argument:ready=0",
    "(9,4) gate",
    "(4,5) camp:54:The Muster:offers=[CAMP_SEARCH,hireScout]:ready=0:hire=19",
    "(7,5) signpost",
    "(9,5) rainbowEnd:59:paid=false",
    "(3,6) fishingLake:63:ready=0",
    "(5,6) signpost",
    "(8,6) henge:68:The Recurring:ready=0",
    "(3,7) town:73:Ember Crossroads:offers=[buyFood,buyTroops,hireScout]:prices=6/7/16/2",
    "(9,7) farm:79:Fallow End:offers=[FARM_BUY_FOOD,FARM_BUY_BEAST]:hire=16",
    "(0,8) town:80:Stonebridge:offers=[buyFood,buyRumors,buyTroops]:prices=5/5/15/4",
    "(3,8) locksmith",
    "(4,8) rainbowEnd:84:paid=false",
    "(7,8) lair:87:bled=false",
    "(0,9) signpost",
    "(2,9) camp:92:Ashford:offers=[CAMP_SEARCH,hireScout]:ready=0:hire=19",
    "(6,9) signpost",
  ],
  "finalRngState": 558046793,
  "height": 10,
  "mapGenAlgorithm": "NOISE",
  "seed": 1,
  "startPosition": {
    "x": 3,
    "y": 9,
  },
  "terrainHistogram": {
    "grass": 20,
    "mountain": 7,
    "road": 11,
    "swamp": 17,
    "woods": 16,
  },
  "width": 10,
}
`;

exports[`world generation determinism > seed 999: layout matches golden 1`] = `
{
  "features": [
    "(0,0) henge:0:Crows' Argument:ready=0",
    "(5,0) fishingLake:5:ready=0",
    "(3,1) farm:13:Greyfield:offers=[FARM_BUY_FOOD]:hire=20",
    "(6,1) signpost",
    "(8,1) signpost",
    "(1,2) gate",
    "(4,2) fishingLake:24:ready=0",
    "(6,2) farm:26:Cotter's Rise:offers=[FARM_BUY_FOOD,FARM_BUY_BEAST]:hire=19",
    "(7,2) signpost",
    "(9,2) henge:29:Weather Stones:ready=0",
    "(0,3) lair:30:bled=false",
    "(8,3) rainbowEnd:38:paid=false",
    "(3,4) town:43:The Long Return:offers=[hireHealer,buyRumors]:prices=6/8/20/2",
    "(4,4) signpost",
    "(6,4) fishingLake:46:ready=0",
    "(7,4) town:47:Cinder Row:offers=[buyFood,hireHealer,buyTroops]:prices=6/9/18/2",
    "(4,5) camp:54:The Holdfast:offers=[CAMP_SEARCH,hireScout]:ready=0:hire=19",
    "(9,5) fishingLake:59:ready=0",
    "(2,6) rainbowEnd:62:paid=false",
    "(6,6) locksmith",
    "(7,6) camp:67:Ashford:offers=[CAMP_SEARCH,hireScout]:ready=0:hire=16",
    "(9,6) town:69:Ember Crossroads:offers=[buyFood,buyTroops,hireScout]:prices=7/5/18/4",
    "(2,7) fishingLake:72:ready=0",
    "(3,7) camp:73:Ember Watch:offers=[CAMP_SEARCH,hireScout]:ready=0:hire=19",
    "(4,7) signpost",
    "(6,7) henge:76:The Mending:ready=0",
    "(6,8) fishingLake:86:ready=0",
    "(8,8) farm:88:Hob's Reach:offers=[FARM_BUY_FOOD,FARM_BUY_BEAST]:hire=17",
    "(6,9) signpost",
  ],
  "finalRngState": 782739089,
  "height": 10,
  "mapGenAlgorithm": "NOISE",
  "seed": 999,
  "startPosition": {
    "x": 9,
    "y": 8,
  },
  "terrainHistogram": {
    "grass": 28,
    "mountain": 15,
    "road": 10,
    "swamp": 13,
    "woods": 5,
  },
  "width": 10,
}
`;

exports[`world generation determinism > seed 12345: layout matches golden 1`] = `
{
  "features": [
    "(2,0) signpost",
    "(4,0) rainbowEnd:4:paid=false",
    "(8,0) fishingLake:8:ready=0",
    "(3,1) signpost",
    "(9,1) farm:19:The Oast:offers=[FARM_BUY_FOOD,FARM_BUY_BEAST]:hire=19",
    "(2,2) henge:22:Weather Stones:ready=0",
    "(4,2) fishingLake:24:ready=0",
    "(5,2) signpost",
    "(9,2) locksmith",
    "(0,3) fishingLake:30:ready=0",
    "(4,3) camp:34:The Wayrest:offers=[CAMP_SEARCH,hireScout]:ready=0:hire=16",
    "(2,4) camp:42:The Holdfast:offers=[CAMP_SEARCH,hireScout]:ready=0:hire=15",
    "(6,4) signpost",
    "(0,5) lair:50:bled=false",
    "(1,5) town:51:The Long Return:offers=[buyFood,buyTroops,hireScout]:prices=6/8/17/3",
    "(2,5) rainbowEnd:52:paid=false",
    "(6,5) town:56:Market of Ash:offers=[hireHealer,buyRumors]:prices=7/8/16/4",
    "(7,5) town:57:Cinder Row:offers=[buyFood,buyRumors]:prices=6/6/15/2",
    "(4,6) signpost",
    "(5,6) signpost",
    "(3,7) farm:73:Cotter's Rise:offers=[FARM_BUY_FOOD]:hire=19",
    "(5,7) henge:75:The Mending:ready=0",
    "(6,7) fishingLake:76:ready=0",
    "(7,7) fishingLake:77:ready=0",
    "(7,8) henge:87:The Recurring:ready=0",
    "(8,8) farm:88:Hob's Reach:offers=[FARM_BUY_FOOD,FARM_BUY_BEAST]:hire=20",
    "(2,9) fishingLake:92:ready=0",
    "(4,9) gate",
    "(5,9) camp:95:Cold Haven:offers=[CAMP_SEARCH,hireScout]:ready=0:hire=17",
  ],
  "finalRngState": 3886172690,
  "height": 10,
  "mapGenAlgorithm": "NOISE",
  "seed": 12345,
  "startPosition": {
    "x": 0,
    "y": 9,
  },
  "terrainHistogram": {
    "grass": 23,
    "mountain": 6,
    "road": 13,
    "swamp": 11,
    "woods": 18,
  },
  "width": 10,
}
`;
